[htmldemo.zcubethemes.com/qeducato/index.html]
[backblue.gif]
[fade.gif]
[index.html]
[htmldemo.zcubethemes.com/qeducato/img/favicon.ico]
[htmldemo.zcubethemes.com/qeducato/img/icon/phone-call.png]
[htmldemo.zcubethemes.com/qeducato/img/icon/mailing.png]
[htmldemo.zcubethemes.com/qeducato/img/logo/logo.png]
[htmldemo.zcubethemes.com/qeducato/index-2.html]
[htmldemo.zcubethemes.com/qeducato/index-3.html]
[htmldemo.zcubethemes.com/qeducato/about.html]
[htmldemo.zcubethemes.com/qeducato/courses.html]
[htmldemo.zcubethemes.com/qeducato/courses-2.html]
[htmldemo.zcubethemes.com/qeducato/single-courses.html]
[htmldemo.zcubethemes.com/qeducato/single-courses-2.html]
[htmldemo.zcubethemes.com/qeducato/event.html]
[htmldemo.zcubethemes.com/qeducato/single-event.html]
[htmldemo.zcubethemes.com/qeducato/projects.html]
[htmldemo.zcubethemes.com/qeducato/pricing.html]
[htmldemo.zcubethemes.com/qeducato/faq.html]
[htmldemo.zcubethemes.com/qeducato/team.html]
[htmldemo.zcubethemes.com/qeducato/team-single.html]
[htmldemo.zcubethemes.com/qeducato/404-error.html]
[htmldemo.zcubethemes.com/qeducato/blog.html]
[htmldemo.zcubethemes.com/qeducato/blog-details.html]
[htmldemo.zcubethemes.com/qeducato/contact.html]
[htmldemo.zcubethemes.com/qeducato/img/slider/slider_bg.png]
[htmldemo.zcubethemes.com/qeducato/img/slider/slider_bg_01.png]
[htmldemo.zcubethemes.com/qeducato/img/icon/sve-icon4.png]
[htmldemo.zcubethemes.com/qeducato/img/icon/sve-icon5.png]
[htmldemo.zcubethemes.com/qeducato/img/icon/sve-icon6.png]
[htmldemo.zcubethemes.com/qeducato/img/bg/an-img-02.png]
[htmldemo.zcubethemes.com/qeducato/img/features/about_img_02.png]
[htmldemo.zcubethemes.com/qeducato/img/bg/an-img-03.png]
[htmldemo.zcubethemes.com/qeducato/img/bg/couress-img-1.jpg]
[htmldemo.zcubethemes.com/qeducato/img/icon/cou-icon.png]
[htmldemo.zcubethemes.com/qeducato/img/bg/couress-img-2.jpg]
[htmldemo.zcubethemes.com/qeducato/img/bg/couress-img-3.jpg]
[htmldemo.zcubethemes.com/qeducato/img/bg/couress-img-4.jpg]
[htmldemo.zcubethemes.com/qeducato/img/bg/couress-img-5.jpg]
[htmldemo.zcubethemes.com/qeducato/img/bg/couress-img-6.jpg]
[htmldemo.zcubethemes.com/qeducato/img/bg/an-img-10.png]
[htmldemo.zcubethemes.com/qeducato/img/icon/fea-icon01.png]
[htmldemo.zcubethemes.com/qeducato/img/icon/fea-icon02.png]
[htmldemo.zcubethemes.com/qeducato/img/icon/fea-icon03.png]
[htmldemo.zcubethemes.com/qeducato/img/bg/steps-img.png]
[htmldemo.zcubethemes.com/qeducato/img/bg/an-img-06.png]
[htmldemo.zcubethemes.com/qeducato/img/bg/an-img-07.png]
[htmldemo.zcubethemes.com/qeducato/img/bg/an-img-08.png]
[htmldemo.zcubethemes.com/qeducato/img/bg/an-img-09.png]
[htmldemo.zcubethemes.com/qeducato/img/bg/evn-img-1.jpg]
[htmldemo.zcubethemes.com/qeducato/img/bg/evn-img-2.jpg]
[htmldemo.zcubethemes.com/qeducato/img/bg/evn-img-3.jpg]
[htmldemo.zcubethemes.com/qeducato/img/bg/evn-img-4.jpg]
[htmldemo.zcubethemes.com/qeducato/img/bg/evn-img-5.jpg]
[htmldemo.zcubethemes.com/qeducato/img/bg/evn-img-6.jpg]
[htmldemo.zcubethemes.com/qeducato/img/bg/cta_bg02.png]
[htmldemo.zcubethemes.com/qeducato/img/bg/an-img-04.png]
[htmldemo.zcubethemes.com/qeducato/img/bg/an-img-05.png]
[htmldemo.zcubethemes.com/qeducato/img/bg/cta_bg.png]
[htmldemo.zcubethemes.com/qeducato/img/bg/play-button.png]
[htmldemo.zcubethemes.com/qeducato/img/testimonial/qt-icon.png]
[htmldemo.zcubethemes.com/qeducato/img/testimonial/testi_avatar.png]
[htmldemo.zcubethemes.com/qeducato/img/testimonial/testi_avatar_02.png]
[htmldemo.zcubethemes.com/qeducato/img/testimonial/testi_avatar_03.png]
[htmldemo.zcubethemes.com/qeducato/img/bg/search_bg.png]
[htmldemo.zcubethemes.com/qeducato/img/bg/admission_bg.png]
[htmldemo.zcubethemes.com/qeducato/img/features/about_img.png]
[htmldemo.zcubethemes.com/qeducato/img/brand/b-logo1.png]
[htmldemo.zcubethemes.com/qeducato/img/brand/b-logo2.png]
[htmldemo.zcubethemes.com/qeducato/img/brand/b-logo3.png]
[htmldemo.zcubethemes.com/qeducato/img/brand/b-logo4.png]
[htmldemo.zcubethemes.com/qeducato/img/brand/b-logo5.png]
[htmldemo.zcubethemes.com/qeducato/img/bg/blog_bg.png]
[htmldemo.zcubethemes.com/qeducato/img/blog/inner_b1.jpg]
[htmldemo.zcubethemes.com/qeducato/img/blog/inner_b2.jpg]
[htmldemo.zcubethemes.com/qeducato/img/blog/inner_b3.jpg]
[htmldemo.zcubethemes.com/qeducato/img/icon/send-mail.png]
[htmldemo.zcubethemes.com/qeducato/img/bg/footer-bg.png]
[htmldemo.zcubethemes.com/qeducato/img/blog/s-blogimg-01.png]
[htmldemo.zcubethemes.com/qeducato/img/blog/s-blogimg-02.png]
[htmldemo.zcubethemes.com/qeducato/img/logo/f_logo.png]
[htmldemo.zcubethemes.com/qeducato/js/vendor/modernizr-3.5.0.min.js]
[htmldemo.zcubethemes.com/qeducato/js/vendor/jquery-3.6.0.min.js]
[htmldemo.zcubethemes.com/qeducato/js/popper.min.js]
[htmldemo.zcubethemes.com/qeducato/js/bootstrap.min.js]
[htmldemo.zcubethemes.com/qeducato/js/slick.min.js]
[htmldemo.zcubethemes.com/qeducato/js/ajax-form.js]
[htmldemo.zcubethemes.com/qeducato/js/paroller.js]
[htmldemo.zcubethemes.com/qeducato/js/wow.min.js]
[htmldemo.zcubethemes.com/qeducato/js/js_isotope.pkgd.min.js]
[htmldemo.zcubethemes.com/qeducato/js/imagesloaded.min.js]
[htmldemo.zcubethemes.com/qeducato/js/parallax.min.js]
[htmldemo.zcubethemes.com/qeducato/js/jquery.waypoints.min.js]
[htmldemo.zcubethemes.com/qeducato/js/jquery.counterup.min.js]
[htmldemo.zcubethemes.com/qeducato/js/jquery.scrollUp.min.js]
[htmldemo.zcubethemes.com/qeducato/js/jquery.meanmenu.min.js]
[htmldemo.zcubethemes.com/qeducato/js/parallax-scroll.js]
[htmldemo.zcubethemes.com/qeducato/js/jquery.magnific-popup.min.js]
[htmldemo.zcubethemes.com/qeducato/js/element-in-view.js]
[htmldemo.zcubethemes.com/qeducato/js/main.js]
[htmldemo.zcubethemes.com/qeducato/index.html]
[htmldemo.zcubethemes.com/qeducato/css/bootstrap.min.css]
[htmldemo.zcubethemes.com/qeducato/css/animate.min.css]
[htmldemo.zcubethemes.com/qeducato/css/magnific-popup.css]
[htmldemo.zcubethemes.com/qeducato/fontawesome/webfonts/fa-brands-400.eot]
[htmldemo.zcubethemes.com/qeducato/fontawesome/webfonts/fa-brands-400d41d.eot]
[htmldemo.zcubethemes.com/qeducato/fontawesome/webfonts/fa-brands-400.woff2]
[htmldemo.zcubethemes.com/qeducato/fontawesome/webfonts/fa-brands-400.woff]
[htmldemo.zcubethemes.com/qeducato/fontawesome/webfonts/fa-brands-400.ttf]
[htmldemo.zcubethemes.com/qeducato/fontawesome/webfonts/fa-duotone-900.eot]
[htmldemo.zcubethemes.com/qeducato/fontawesome/webfonts/fa-duotone-900d41d.eot]
[htmldemo.zcubethemes.com/qeducato/fontawesome/webfonts/fa-duotone-900.woff2]
[htmldemo.zcubethemes.com/qeducato/fontawesome/webfonts/fa-duotone-900.woff]
[htmldemo.zcubethemes.com/qeducato/fontawesome/webfonts/fa-duotone-900.ttf]
[htmldemo.zcubethemes.com/qeducato/fontawesome/webfonts/fa-light-300.eot]
[htmldemo.zcubethemes.com/qeducato/fontawesome/webfonts/fa-light-300d41d.eot]
[htmldemo.zcubethemes.com/qeducato/fontawesome/webfonts/fa-light-300.woff2]
[htmldemo.zcubethemes.com/qeducato/fontawesome/webfonts/fa-light-300.woff]
[htmldemo.zcubethemes.com/qeducato/fontawesome/webfonts/fa-light-300.ttf]
[htmldemo.zcubethemes.com/qeducato/fontawesome/webfonts/fa-regular-400.eot]
[htmldemo.zcubethemes.com/qeducato/fontawesome/webfonts/fa-regular-400d41d.eot]
[htmldemo.zcubethemes.com/qeducato/fontawesome/webfonts/fa-regular-400.woff2]
[htmldemo.zcubethemes.com/qeducato/fontawesome/webfonts/fa-regular-400.woff]
[htmldemo.zcubethemes.com/qeducato/fontawesome/webfonts/fa-regular-400.ttf]
[htmldemo.zcubethemes.com/qeducato/fontawesome/webfonts/fa-solid-900.eot]
[htmldemo.zcubethemes.com/qeducato/fontawesome/webfonts/fa-solid-900d41d.eot]
[htmldemo.zcubethemes.com/qeducato/fontawesome/webfonts/fa-solid-900.woff2]
[htmldemo.zcubethemes.com/qeducato/fontawesome/webfonts/fa-solid-900.woff]
[htmldemo.zcubethemes.com/qeducato/fontawesome/webfonts/fa-solid-900.ttf]
[htmldemo.zcubethemes.com/qeducato/fontawesome/css/all.min.css]
[htmldemo.zcubethemes.com/qeducato/fonts/dripicons-v2.eot]
[htmldemo.zcubethemes.com/qeducato/fonts/dripicons-v2d41d.eot]
[htmldemo.zcubethemes.com/qeducato/fonts/dripicons-v2.woff]
[htmldemo.zcubethemes.com/qeducato/fonts/dripicons-v2.ttf]
[htmldemo.zcubethemes.com/qeducato/css/dripicons.css]
[htmldemo.zcubethemes.com/qeducato/css/slick.css]
[htmldemo.zcubethemes.com/qeducato/css/meanmenu.css]
[htmldemo.zcubethemes.com/qeducato/css/default.css]
[htmldemo.zcubethemes.com/qeducato/img/bg/active-dote.8f.delayed]
[htmldemo.zcubethemes.com/qeducato/img/bg/dote.90.delayed]
[htmldemo.zcubethemes.com/qeducato/images/quote_bg.91.delayed]
[htmldemo.zcubethemes.com/qeducato/css/style.css]
[htmldemo.zcubethemes.com/qeducato/css/responsive.css]
[htmldemo.zcubethemes.com/qeducato/img/bg/slider_shape01.png]
[htmldemo.zcubethemes.com/qeducato/img/bg/slider_shape02.png]
[htmldemo.zcubethemes.com/qeducato/img/bg/slider_shape03.png]
[htmldemo.zcubethemes.com/qeducato/img/bg/slider_shape04.png]
[htmldemo.zcubethemes.com/qeducato/img/slider/slider_img02.png]
[htmldemo.zcubethemes.com/qeducato/img/bg/feature-bg.png]
[htmldemo.zcubethemes.com/qeducato/img/icon/sve-icon1.png]
[htmldemo.zcubethemes.com/qeducato/img/icon/sve-icon2.png]
[htmldemo.zcubethemes.com/qeducato/img/icon/sve-icon3.png]
[htmldemo.zcubethemes.com/qeducato/img/bg/an-img-01.png]
[htmldemo.zcubethemes.com/qeducato/img/features/about_img_03.png]
[htmldemo.zcubethemes.com/qeducato/img/bg/an-img-11.png]
[htmldemo.zcubethemes.com/qeducato/img/bg/an-img-12.png]
[htmldemo.zcubethemes.com/qeducato/img/bg/an-img-13.png]
[htmldemo.zcubethemes.com/qeducato/img/class/class-1.jpg]
[htmldemo.zcubethemes.com/qeducato/img/class/class-2.jpg]
[htmldemo.zcubethemes.com/qeducato/img/class/class-3.jpg]
[htmldemo.zcubethemes.com/qeducato/img/class/class-4.jpg]
[htmldemo.zcubethemes.com/qeducato/img/class/class-5.jpg]
[htmldemo.zcubethemes.com/qeducato/img/class/class-6.jpg]
[htmldemo.zcubethemes.com/qeducato/img/bg/video-img.png]
[htmldemo.zcubethemes.com/qeducato/img/bg/play-button2.png]
[htmldemo.zcubethemes.com/qeducato/img/bg/c-object.a8.delayed]
[htmldemo.zcubethemes.com/qeducato/img/bg/an-img-14.png]
[htmldemo.zcubethemes.com/qeducato/img/bg/an-img-15.png]
[htmldemo.zcubethemes.com/qeducato/img/bg/an-img-16.png]
[htmldemo.zcubethemes.com/qeducato/img/bg/evn-img-01.png]
[htmldemo.zcubethemes.com/qeducato/img/bg/evn-img-02.png]
[htmldemo.zcubethemes.com/qeducato/img/bg/evn-img-03.png]
[htmldemo.zcubethemes.com/qeducato/img/bg/evn-img-04.png]
[htmldemo.zcubethemes.com/qeducato/img/bg/an-img-17.png]
[htmldemo.zcubethemes.com/qeducato/img/team/team09.png]
[htmldemo.zcubethemes.com/qeducato/img/team/team10.png]
[htmldemo.zcubethemes.com/qeducato/img/team/team11.png]
[htmldemo.zcubethemes.com/qeducato/img/team/team12.png]
[htmldemo.zcubethemes.com/qeducato/img/bg/testimonial-bg.png]
[htmldemo.zcubethemes.com/qeducato/img/bg/an-img-18.png]
[htmldemo.zcubethemes.com/qeducato/img/bg/an-img-19.png]
[htmldemo.zcubethemes.com/qeducato/img/blog/inner_b4.jpg]
[htmldemo.zcubethemes.com/qeducato/img/blog/inner_b5.jpg]
[htmldemo.zcubethemes.com/qeducato/img/blog/inner_b6.jpg]
[htmldemo.zcubethemes.com/qeducato/index-2.html]
[htmldemo.zcubethemes.com/qeducato/img/slider/slider_img03.png]
[htmldemo.zcubethemes.com/qeducato/img/icon/sve-icon7.png]
[htmldemo.zcubethemes.com/qeducato/img/icon/sve-icon8.png]
[htmldemo.zcubethemes.com/qeducato/img/icon/sve-icon9.png]
[htmldemo.zcubethemes.com/qeducato/img/icon/sve-icon10.png]
[htmldemo.zcubethemes.com/qeducato/img/features/about_img_04.png]
[htmldemo.zcubethemes.com/qeducato/img/class/class-7.jpg]
[htmldemo.zcubethemes.com/qeducato/img/bg/testi_avatar.png]
[htmldemo.zcubethemes.com/qeducato/img/bg/star.png]
[htmldemo.zcubethemes.com/qeducato/img/class/class-8.jpg]
[htmldemo.zcubethemes.com/qeducato/img/class/class-9.jpg]
[htmldemo.zcubethemes.com/qeducato/img/class/class-10.jpg]
[htmldemo.zcubethemes.com/qeducato/img/bg/video-img2.png]
[htmldemo.zcubethemes.com/qeducato/img/team/team01.jpg]
[htmldemo.zcubethemes.com/qeducato/img/team/team02.jpg]
[htmldemo.zcubethemes.com/qeducato/img/team/team03.jpg]
[htmldemo.zcubethemes.com/qeducato/img/team/team04.jpg]
[htmldemo.zcubethemes.com/qeducato/single-projects.html]
[htmldemo.zcubethemes.com/qeducato/img/gallery/protfolio-img01.jpg]
[htmldemo.zcubethemes.com/qeducato/img/gallery/protfolio-img02.jpg]
[htmldemo.zcubethemes.com/qeducato/img/gallery/protfolio-img03.jpg]
[htmldemo.zcubethemes.com/qeducato/img/gallery/protfolio-img04.jpg]
[htmldemo.zcubethemes.com/qeducato/img/gallery/protfolio-img05.jpg]
[htmldemo.zcubethemes.com/qeducato/img/gallery/protfolio-img06.jpg]
[htmldemo.zcubethemes.com/qeducato/img/bg/testimonial-bg2.png]
[htmldemo.zcubethemes.com/qeducato/img/bg/blog_bg2.png]
[htmldemo.zcubethemes.com/qeducato/img/blog/inner_b7.jpg]
[htmldemo.zcubethemes.com/qeducato/img/blog/inner_b8.jpg]
[htmldemo.zcubethemes.com/qeducato/img/blog/inner_b9.jpg]
[htmldemo.zcubethemes.com/qeducato/index-3.html]
[htmldemo.zcubethemes.com/qeducato/img/bg/bdrc-bg.png]
[htmldemo.zcubethemes.com/qeducato/img/features/about_img_05.png]
[htmldemo.zcubethemes.com/qeducato/img/bg/steps-img-2.png]
[htmldemo.zcubethemes.com/qeducato/img/bg/an-img-20.png]
[htmldemo.zcubethemes.com/qeducato/img/bg/steps-img-3.png]
[htmldemo.zcubethemes.com/qeducato/about.html]
[htmldemo.zcubethemes.com/qeducato/courses.html]
[htmldemo.zcubethemes.com/qeducato/img/class/class-11.jpg]
[htmldemo.zcubethemes.com/qeducato/img/class/class-12.jpg]
[htmldemo.zcubethemes.com/qeducato/courses-2.html]
[htmldemo.zcubethemes.com/qeducato/single-courses.html]
[htmldemo.zcubethemes.com/qeducato/single-courses-2.html]
[htmldemo.zcubethemes.com/qeducato/event.html]
[htmldemo.zcubethemes.com/qeducato/js/jquery.countdown.min.js]
[htmldemo.zcubethemes.com/qeducato/single-event.html]
[htmldemo.zcubethemes.com/qeducato/projects.html]
[htmldemo.zcubethemes.com/qeducato/pricing.html]
[htmldemo.zcubethemes.com/qeducato/img/bg/video-img3.png]
[htmldemo.zcubethemes.com/qeducato/faq.html]
[htmldemo.zcubethemes.com/qeducato/team.html]
[htmldemo.zcubethemes.com/qeducato/team-single.html]
[htmldemo.zcubethemes.com/qeducato/img/bg/404-img.png]
[htmldemo.zcubethemes.com/qeducato/404-error.html]
[htmldemo.zcubethemes.com/qeducato/img/bg/quote_bg.png]
[htmldemo.zcubethemes.com/qeducato/img/icon/blockquote.png]
[htmldemo.zcubethemes.com/qeducato/blog.html]
[htmldemo.zcubethemes.com/qeducato/img/blog/b_details01.jpg]
[htmldemo.zcubethemes.com/qeducato/img/blog/b_details02.jpg]
[htmldemo.zcubethemes.com/qeducato/img/icon/c_d01.png]
[htmldemo.zcubethemes.com/qeducato/img/blog/b_details03.jpg]
[htmldemo.zcubethemes.com/qeducato/img/blog/b_details04.jpg]
[htmldemo.zcubethemes.com/qeducato/img/blog/comment/avatar.png]
[htmldemo.zcubethemes.com/qeducato/img/blog/comment/c_01.png]
[htmldemo.zcubethemes.com/qeducato/img/blog/comment/c_02.png]
[htmldemo.zcubethemes.com/qeducato/img/blog/comment/c_03.png]
[htmldemo.zcubethemes.com/qeducato/blog-details.html]
[htmldemo.zcubethemes.com/qeducato/img/bg/contact-icon01.png]
[htmldemo.zcubethemes.com/qeducato/img/bg/contact-icon02.png]
[htmldemo.zcubethemes.com/qeducato/img/bg/contact-icon03.png]
[htmldemo.zcubethemes.com/qeducato/contact.html]
[htmldemo.zcubethemes.com/qeducato/fontawesome/webfonts/fa-brands-400.svg]
[htmldemo.zcubethemes.com/qeducato/fontawesome/webfonts/fa-duotone-900.svg]
[htmldemo.zcubethemes.com/qeducato/fontawesome/webfonts/fa-light-300.svg]
[htmldemo.zcubethemes.com/qeducato/fontawesome/webfonts/fa-regular-400.svg]
[htmldemo.zcubethemes.com/qeducato/fontawesome/webfonts/fa-solid-900.svg]
[htmldemo.zcubethemes.com/qeducato/fonts/dripicons-v2.svg]
[htmldemo.zcubethemes.com/qeducato/img/bg/active-dote.html]
[htmldemo.zcubethemes.com/qeducato/img/bg/dote.html]
[htmldemo.zcubethemes.com/qeducato/images/quote_bg.html]
[htmldemo.zcubethemes.com/qeducato/img/bg/c-object.html]
[htmldemo.zcubethemes.com/qeducato/single-projects.html]
